Archive member included because of file (symbol)

e:/atmel/atmel toolchain/avr8 gcc/native/3.4.1061/avr8-gnu-toolchain/bin/../lib/gcc/avr/4.8.1/tiny-stack\libgcc.a(_exit.o)
                              e:/atmel/atmel toolchain/avr8 gcc/native/3.4.1061/avr8-gnu-toolchain/bin/../lib/gcc/avr/4.8.1/../../../../avr/lib/tiny-stack/crts2313.o (exit)
e:/atmel/atmel toolchain/avr8 gcc/native/3.4.1061/avr8-gnu-toolchain/bin/../lib/gcc/avr/4.8.1/tiny-stack\libgcc.a(_copy_data.o)
                              ultasonic Distance LCD.o (__do_copy_data)
e:/atmel/atmel toolchain/avr8 gcc/native/3.4.1061/avr8-gnu-toolchain/bin/../lib/gcc/avr/4.8.1/tiny-stack\libgcc.a(_clear_bss.o)
                              ultasonic Distance LCD.o (__do_clear_bss)
e:/atmel/atmel toolchain/avr8 gcc/native/3.4.1061/avr8-gnu-toolchain/bin/../lib/gcc/avr/4.8.1/../../../../avr/lib/tiny-stack\libm.a(fixsfsi.o)
                              ultasonic Distance LCD.o (__fixsfsi)
e:/atmel/atmel toolchain/avr8 gcc/native/3.4.1061/avr8-gnu-toolchain/bin/../lib/gcc/avr/4.8.1/../../../../avr/lib/tiny-stack\libm.a(fixunssfsi.o)
                              e:/atmel/atmel toolchain/avr8 gcc/native/3.4.1061/avr8-gnu-toolchain/bin/../lib/gcc/avr/4.8.1/../../../../avr/lib/tiny-stack\libm.a(fixsfsi.o) (__fixunssfsi)
e:/atmel/atmel toolchain/avr8 gcc/native/3.4.1061/avr8-gnu-toolchain/bin/../lib/gcc/avr/4.8.1/../../../../avr/lib/tiny-stack\libm.a(floatsisf.o)
                              ultasonic Distance LCD.o (__floatunsisf)
e:/atmel/atmel toolchain/avr8 gcc/native/3.4.1061/avr8-gnu-toolchain/bin/../lib/gcc/avr/4.8.1/../../../../avr/lib/tiny-stack\libm.a(fp_split3.o)
                              e:/atmel/atmel toolchain/avr8 gcc/native/3.4.1061/avr8-gnu-toolchain/bin/../lib/gcc/avr/4.8.1/../../../../avr/lib/tiny-stack\libm.a(fixunssfsi.o) (__fp_splitA)
e:/atmel/atmel toolchain/avr8 gcc/native/3.4.1061/avr8-gnu-toolchain/bin/../lib/gcc/avr/4.8.1/../../../../avr/lib/tiny-stack\libm.a(fp_zero.o)
                              e:/atmel/atmel toolchain/avr8 gcc/native/3.4.1061/avr8-gnu-toolchain/bin/../lib/gcc/avr/4.8.1/../../../../avr/lib/tiny-stack\libm.a(fixunssfsi.o) (__fp_zero)
e:/atmel/atmel toolchain/avr8 gcc/native/3.4.1061/avr8-gnu-toolchain/bin/../lib/gcc/avr/4.8.1/../../../../avr/lib/tiny-stack\libm.a(mulsf3.o)
                              ultasonic Distance LCD.o (__mulsf3)
e:/atmel/atmel toolchain/avr8 gcc/native/3.4.1061/avr8-gnu-toolchain/bin/../lib/gcc/avr/4.8.1/../../../../avr/lib/tiny-stack\libm.a(mulsf3x.o)
                              e:/atmel/atmel toolchain/avr8 gcc/native/3.4.1061/avr8-gnu-toolchain/bin/../lib/gcc/avr/4.8.1/../../../../avr/lib/tiny-stack\libm.a(mulsf3.o) (__mulsf3x)
e:/atmel/atmel toolchain/avr8 gcc/native/3.4.1061/avr8-gnu-toolchain/bin/../lib/gcc/avr/4.8.1/../../../../avr/lib/tiny-stack\libm.a(fp_inf.o)
                              e:/atmel/atmel toolchain/avr8 gcc/native/3.4.1061/avr8-gnu-toolchain/bin/../lib/gcc/avr/4.8.1/../../../../avr/lib/tiny-stack\libm.a(mulsf3x.o) (__fp_inf)
e:/atmel/atmel toolchain/avr8 gcc/native/3.4.1061/avr8-gnu-toolchain/bin/../lib/gcc/avr/4.8.1/../../../../avr/lib/tiny-stack\libm.a(fp_nan.o)
                              e:/atmel/atmel toolchain/avr8 gcc/native/3.4.1061/avr8-gnu-toolchain/bin/../lib/gcc/avr/4.8.1/../../../../avr/lib/tiny-stack\libm.a(mulsf3x.o) (__fp_nan)
e:/atmel/atmel toolchain/avr8 gcc/native/3.4.1061/avr8-gnu-toolchain/bin/../lib/gcc/avr/4.8.1/../../../../avr/lib/tiny-stack\libm.a(fp_pscA.o)
                              e:/atmel/atmel toolchain/avr8 gcc/native/3.4.1061/avr8-gnu-toolchain/bin/../lib/gcc/avr/4.8.1/../../../../avr/lib/tiny-stack\libm.a(mulsf3x.o) (__fp_pscA)
e:/atmel/atmel toolchain/avr8 gcc/native/3.4.1061/avr8-gnu-toolchain/bin/../lib/gcc/avr/4.8.1/../../../../avr/lib/tiny-stack\libm.a(fp_pscB.o)
                              e:/atmel/atmel toolchain/avr8 gcc/native/3.4.1061/avr8-gnu-toolchain/bin/../lib/gcc/avr/4.8.1/../../../../avr/lib/tiny-stack\libm.a(mulsf3x.o) (__fp_pscB)
e:/atmel/atmel toolchain/avr8 gcc/native/3.4.1061/avr8-gnu-toolchain/bin/../lib/gcc/avr/4.8.1/../../../../avr/lib/tiny-stack\libm.a(fp_round.o)
                              e:/atmel/atmel toolchain/avr8 gcc/native/3.4.1061/avr8-gnu-toolchain/bin/../lib/gcc/avr/4.8.1/../../../../avr/lib/tiny-stack\libm.a(mulsf3.o) (__fp_round)
e:/atmel/atmel toolchain/avr8 gcc/native/3.4.1061/avr8-gnu-toolchain/bin/../lib/gcc/avr/4.8.1/../../../../avr/lib/tiny-stack\libc.a(ltoa_ncheck.o)
                              ultasonic Distance LCD.o (__ltoa_ncheck)
e:/atmel/atmel toolchain/avr8 gcc/native/3.4.1061/avr8-gnu-toolchain/bin/../lib/gcc/avr/4.8.1/../../../../avr/lib/tiny-stack\libc.a(ultoa_ncheck.o)
                              e:/atmel/atmel toolchain/avr8 gcc/native/3.4.1061/avr8-gnu-toolchain/bin/../lib/gcc/avr/4.8.1/../../../../avr/lib/tiny-stack\libc.a(ltoa_ncheck.o) (__ultoa_common)
e:/atmel/atmel toolchain/avr8 gcc/native/3.4.1061/avr8-gnu-toolchain/bin/../lib/gcc/avr/4.8.1/../../../../avr/lib/tiny-stack\libc.a(strrev.o)
                              e:/atmel/atmel toolchain/avr8 gcc/native/3.4.1061/avr8-gnu-toolchain/bin/../lib/gcc/avr/4.8.1/../../../../avr/lib/tiny-stack\libc.a(ultoa_ncheck.o) (strrev)

Allocating common symbols
Common symbol       size              file

distance_string     0x5               ultasonic Distance LCD.o

Memory Configuration

Name             Origin             Length             Attributes
text             0x00000000         0x00002000         xr
data             0x00800060         0x0000ffa0         rw !x
eeprom           0x00810000         0x00010000         rw !x
fuse             0x00820000         0x00000400         rw !x
lock             0x00830000         0x00000400         rw !x
signature        0x00840000         0x00000400         rw !x
user_signatures  0x00850000         0x00000400         rw !x
*default*        0x00000000         0xffffffff

Linker script and memory map

LOAD e:/atmel/atmel toolchain/avr8 gcc/native/3.4.1061/avr8-gnu-toolchain/bin/../lib/gcc/avr/4.8.1/../../../../avr/lib/tiny-stack/crts2313.o
LOAD ultasonic Distance LCD.o
START GROUP
LOAD e:/atmel/atmel toolchain/avr8 gcc/native/3.4.1061/avr8-gnu-toolchain/bin/../lib/gcc/avr/4.8.1/tiny-stack\libgcc.a
LOAD e:/atmel/atmel toolchain/avr8 gcc/native/3.4.1061/avr8-gnu-toolchain/bin/../lib/gcc/avr/4.8.1/../../../../avr/lib/tiny-stack\libm.a
LOAD e:/atmel/atmel toolchain/avr8 gcc/native/3.4.1061/avr8-gnu-toolchain/bin/../lib/gcc/avr/4.8.1/../../../../avr/lib/tiny-stack\libc.a
END GROUP

.hash
 *(.hash)

.dynsym
 *(.dynsym)

.dynstr
 *(.dynstr)

.gnu.version
 *(.gnu.version)

.gnu.version_d
 *(.gnu.version_d)

.gnu.version_r
 *(.gnu.version_r)

.rel.init
 *(.rel.init)

.rela.init
 *(.rela.init)

.rel.text
 *(.rel.text)
 *(.rel.text.*)
 *(.rel.gnu.linkonce.t*)

.rela.text
 *(.rela.text)
 *(.rela.text.*)
 *(.rela.gnu.linkonce.t*)

.rel.fini
 *(.rel.fini)

.rela.fini
 *(.rela.fini)

.rel.rodata
 *(.rel.rodata)
 *(.rel.rodata.*)
 *(.rel.gnu.linkonce.r*)

.rela.rodata
 *(.rela.rodata)
 *(.rela.rodata.*)
 *(.rela.gnu.linkonce.r*)

.rel.data
 *(.rel.data)
 *(.rel.data.*)
 *(.rel.gnu.linkonce.d*)

.rela.data
 *(.rela.data)
 *(.rela.data.*)
 *(.rela.gnu.linkonce.d*)

.rel.ctors
 *(.rel.ctors)

.rela.ctors
 *(.rela.ctors)

.rel.dtors
 *(.rel.dtors)

.rela.dtors
 *(.rela.dtors)

.rel.got
 *(.rel.got)

.rela.got
 *(.rela.got)

.rel.bss
 *(.rel.bss)

.rela.bss
 *(.rela.bss)

.rel.plt
 *(.rel.plt)

.rela.plt
 *(.rela.plt)

.text           0x00000000      0x770
 *(.vectors)
 .vectors       0x00000000       0x16 e:/atmel/atmel toolchain/avr8 gcc/native/3.4.1061/avr8-gnu-toolchain/bin/../lib/gcc/avr/4.8.1/../../../../avr/lib/tiny-stack/crts2313.o
                0x00000000                __vector_default
                0x00000000                __vectors
 *(.vectors)
 *(.progmem.gcc*)
                0x00000016                . = ALIGN (0x2)
                0x00000016                __trampolines_start = .
 *(.trampolines)
 .trampolines   0x00000016        0x0 linker stubs
 *(.trampolines*)
                0x00000016                __trampolines_end = .
 *(.progmem*)
                0x00000016                . = ALIGN (0x2)
 *(.jumptables)
 *(.jumptables*)
 *(.lowtext)
 *(.lowtext*)
                0x00000016                __ctors_start = .
 *(.ctors)
                0x00000016                __ctors_end = .
                0x00000016                __dtors_start = .
 *(.dtors)
                0x00000016                __dtors_end = .
 SORT(*)(.ctors)
 SORT(*)(.dtors)
 *(.init0)
 .init0         0x00000016        0x0 e:/atmel/atmel toolchain/avr8 gcc/native/3.4.1061/avr8-gnu-toolchain/bin/../lib/gcc/avr/4.8.1/../../../../avr/lib/tiny-stack/crts2313.o
                0x00000016                __init
 *(.init0)
 *(.init1)
 *(.init1)
 *(.init2)
 .init2         0x00000016        0x8 e:/atmel/atmel toolchain/avr8 gcc/native/3.4.1061/avr8-gnu-toolchain/bin/../lib/gcc/avr/4.8.1/../../../../avr/lib/tiny-stack/crts2313.o
 *(.init2)
 *(.init3)
 *(.init3)
 *(.init4)
 .init4         0x0000001e       0x18 e:/atmel/atmel toolchain/avr8 gcc/native/3.4.1061/avr8-gnu-toolchain/bin/../lib/gcc/avr/4.8.1/tiny-stack\libgcc.a(_copy_data.o)
                0x0000001e                __do_copy_data
 .init4         0x00000036       0x10 e:/atmel/atmel toolchain/avr8 gcc/native/3.4.1061/avr8-gnu-toolchain/bin/../lib/gcc/avr/4.8.1/tiny-stack\libgcc.a(_clear_bss.o)
                0x00000036                __do_clear_bss
 *(.init4)
 *(.init5)
 *(.init5)
 *(.init6)
 *(.init6)
 *(.init7)
 *(.init7)
 *(.init8)
 *(.init8)
 *(.init9)
 .init9         0x00000046        0x4 e:/atmel/atmel toolchain/avr8 gcc/native/3.4.1061/avr8-gnu-toolchain/bin/../lib/gcc/avr/4.8.1/../../../../avr/lib/tiny-stack/crts2313.o
 *(.init9)
 *(.text)
 .text          0x0000004a        0x2 e:/atmel/atmel toolchain/avr8 gcc/native/3.4.1061/avr8-gnu-toolchain/bin/../lib/gcc/avr/4.8.1/../../../../avr/lib/tiny-stack/crts2313.o
                0x0000004a                __vector_1
                0x0000004a                __bad_interrupt
                0x0000004a                __vector_6
                0x0000004a                __vector_7
                0x0000004a                __vector_4
                0x0000004a                __vector_9
                0x0000004a                __vector_2
                0x0000004a                __vector_8
                0x0000004a                __vector_10
 .text          0x0000004c      0x39e ultasonic Distance LCD.o
                0x0000004c                set_LCD_data_pin
                0x00000062                clear_LCD_data_pin
                0x0000007a                set_LCD_control_pin
                0x00000090                clear_LCD_control_pin
                0x000000a8                Lcd4_Port
                0x000000de                Lcd4_Cmd
                0x0000010e                Lcd4_Clear
                0x00000116                Lcd4_Set_Cursor
                0x00000140                Lcd4_Init
                0x00000190                Lcd4_Write_Char
                0x000001ee                Lcd4_Write_String
                0x00000206                Lcd4_Shift_Right
                0x0000020e                Lcd4_Shift_Left
                0x00000216                __vector_5
                0x0000024c                calc_capture_us
                0x000002de                display_distance
                0x00000342                __vector_3
 .text          0x000003ea        0x0 e:/atmel/atmel toolchain/avr8 gcc/native/3.4.1061/avr8-gnu-toolchain/bin/../lib/gcc/avr/4.8.1/tiny-stack\libgcc.a(_exit.o)
 .text          0x000003ea        0x0 e:/atmel/atmel toolchain/avr8 gcc/native/3.4.1061/avr8-gnu-toolchain/bin/../lib/gcc/avr/4.8.1/tiny-stack\libgcc.a(_copy_data.o)
 .text          0x000003ea        0x0 e:/atmel/atmel toolchain/avr8 gcc/native/3.4.1061/avr8-gnu-toolchain/bin/../lib/gcc/avr/4.8.1/tiny-stack\libgcc.a(_clear_bss.o)
 .text          0x000003ea        0x0 e:/atmel/atmel toolchain/avr8 gcc/native/3.4.1061/avr8-gnu-toolchain/bin/../lib/gcc/avr/4.8.1/../../../../avr/lib/tiny-stack\libm.a(fixsfsi.o)
 .text          0x000003ea        0x0 e:/atmel/atmel toolchain/avr8 gcc/native/3.4.1061/avr8-gnu-toolchain/bin/../lib/gcc/avr/4.8.1/../../../../avr/lib/tiny-stack\libm.a(fixunssfsi.o)
 .text          0x000003ea        0x0 e:/atmel/atmel toolchain/avr8 gcc/native/3.4.1061/avr8-gnu-toolchain/bin/../lib/gcc/avr/4.8.1/../../../../avr/lib/tiny-stack\libm.a(floatsisf.o)
 .text          0x000003ea        0x0 e:/atmel/atmel toolchain/avr8 gcc/native/3.4.1061/avr8-gnu-toolchain/bin/../lib/gcc/avr/4.8.1/../../../../avr/lib/tiny-stack\libm.a(fp_split3.o)
 .text          0x000003ea        0x0 e:/atmel/atmel toolchain/avr8 gcc/native/3.4.1061/avr8-gnu-toolchain/bin/../lib/gcc/avr/4.8.1/../../../../avr/lib/tiny-stack\libm.a(fp_zero.o)
 .text          0x000003ea        0x0 e:/atmel/atmel toolchain/avr8 gcc/native/3.4.1061/avr8-gnu-toolchain/bin/../lib/gcc/avr/4.8.1/../../../../avr/lib/tiny-stack\libm.a(mulsf3.o)
 .text          0x000003ea        0x0 e:/atmel/atmel toolchain/avr8 gcc/native/3.4.1061/avr8-gnu-toolchain/bin/../lib/gcc/avr/4.8.1/../../../../avr/lib/tiny-stack\libm.a(mulsf3x.o)
 .text          0x000003ea        0x0 e:/atmel/atmel toolchain/avr8 gcc/native/3.4.1061/avr8-gnu-toolchain/bin/../lib/gcc/avr/4.8.1/../../../../avr/lib/tiny-stack\libm.a(fp_inf.o)
 .text          0x000003ea        0x0 e:/atmel/atmel toolchain/avr8 gcc/native/3.4.1061/avr8-gnu-toolchain/bin/../lib/gcc/avr/4.8.1/../../../../avr/lib/tiny-stack\libm.a(fp_nan.o)
 .text          0x000003ea        0x0 e:/atmel/atmel toolchain/avr8 gcc/native/3.4.1061/avr8-gnu-toolchain/bin/../lib/gcc/avr/4.8.1/../../../../avr/lib/tiny-stack\libm.a(fp_pscA.o)
 .text          0x000003ea        0x0 e:/atmel/atmel toolchain/avr8 gcc/native/3.4.1061/avr8-gnu-toolchain/bin/../lib/gcc/avr/4.8.1/../../../../avr/lib/tiny-stack\libm.a(fp_pscB.o)
 .text          0x000003ea        0x0 e:/atmel/atmel toolchain/avr8 gcc/native/3.4.1061/avr8-gnu-toolchain/bin/../lib/gcc/avr/4.8.1/../../../../avr/lib/tiny-stack\libm.a(fp_round.o)
 .text          0x000003ea        0x0 e:/atmel/atmel toolchain/avr8 gcc/native/3.4.1061/avr8-gnu-toolchain/bin/../lib/gcc/avr/4.8.1/../../../../avr/lib/tiny-stack\libc.a(ltoa_ncheck.o)
 .text          0x000003ea        0x0 e:/atmel/atmel toolchain/avr8 gcc/native/3.4.1061/avr8-gnu-toolchain/bin/../lib/gcc/avr/4.8.1/../../../../avr/lib/tiny-stack\libc.a(ultoa_ncheck.o)
 .text          0x000003ea        0x0 e:/atmel/atmel toolchain/avr8 gcc/native/3.4.1061/avr8-gnu-toolchain/bin/../lib/gcc/avr/4.8.1/../../../../avr/lib/tiny-stack\libc.a(strrev.o)
                0x000003ea                . = ALIGN (0x2)
 *(.text.*)
 .text.startup  0x000003ea       0xa6 ultasonic Distance LCD.o
                0x000003ea                main
 .text.libgcc.mul
                0x00000490        0x0 e:/atmel/atmel toolchain/avr8 gcc/native/3.4.1061/avr8-gnu-toolchain/bin/../lib/gcc/avr/4.8.1/tiny-stack\libgcc.a(_exit.o)
 .text.libgcc.div
                0x00000490        0x0 e:/atmel/atmel toolchain/avr8 gcc/native/3.4.1061/avr8-gnu-toolchain/bin/../lib/gcc/avr/4.8.1/tiny-stack\libgcc.a(_exit.o)
 .text.libgcc   0x00000490        0x0 e:/atmel/atmel toolchain/avr8 gcc/native/3.4.1061/avr8-gnu-toolchain/bin/../lib/gcc/avr/4.8.1/tiny-stack\libgcc.a(_exit.o)
 .text.libgcc.prologue
                0x00000490        0x0 e:/atmel/atmel toolchain/avr8 gcc/native/3.4.1061/avr8-gnu-toolchain/bin/../lib/gcc/avr/4.8.1/tiny-stack\libgcc.a(_exit.o)
 .text.libgcc.builtins
                0x00000490        0x0 e:/atmel/atmel toolchain/avr8 gcc/native/3.4.1061/avr8-gnu-toolchain/bin/../lib/gcc/avr/4.8.1/tiny-stack\libgcc.a(_exit.o)
 .text.libgcc.fmul
                0x00000490        0x0 e:/atmel/atmel toolchain/avr8 gcc/native/3.4.1061/avr8-gnu-toolchain/bin/../lib/gcc/avr/4.8.1/tiny-stack\libgcc.a(_exit.o)
 .text.libgcc.fixed
                0x00000490        0x0 e:/atmel/atmel toolchain/avr8 gcc/native/3.4.1061/avr8-gnu-toolchain/bin/../lib/gcc/avr/4.8.1/tiny-stack\libgcc.a(_exit.o)
 .text.libgcc.mul
                0x00000490        0x0 e:/atmel/atmel toolchain/avr8 gcc/native/3.4.1061/avr8-gnu-toolchain/bin/../lib/gcc/avr/4.8.1/tiny-stack\libgcc.a(_copy_data.o)
 .text.libgcc.div
                0x00000490        0x0 e:/atmel/atmel toolchain/avr8 gcc/native/3.4.1061/avr8-gnu-toolchain/bin/../lib/gcc/avr/4.8.1/tiny-stack\libgcc.a(_copy_data.o)
 .text.libgcc   0x00000490        0x0 e:/atmel/atmel toolchain/avr8 gcc/native/3.4.1061/avr8-gnu-toolchain/bin/../lib/gcc/avr/4.8.1/tiny-stack\libgcc.a(_copy_data.o)
 .text.libgcc.prologue
                0x00000490        0x0 e:/atmel/atmel toolchain/avr8 gcc/native/3.4.1061/avr8-gnu-toolchain/bin/../lib/gcc/avr/4.8.1/tiny-stack\libgcc.a(_copy_data.o)
 .text.libgcc.builtins
                0x00000490        0x0 e:/atmel/atmel toolchain/avr8 gcc/native/3.4.1061/avr8-gnu-toolchain/bin/../lib/gcc/avr/4.8.1/tiny-stack\libgcc.a(_copy_data.o)
 .text.libgcc.fmul
                0x00000490        0x0 e:/atmel/atmel toolchain/avr8 gcc/native/3.4.1061/avr8-gnu-toolchain/bin/../lib/gcc/avr/4.8.1/tiny-stack\libgcc.a(_copy_data.o)
 .text.libgcc.fixed
                0x00000490        0x0 e:/atmel/atmel toolchain/avr8 gcc/native/3.4.1061/avr8-gnu-toolchain/bin/../lib/gcc/avr/4.8.1/tiny-stack\libgcc.a(_copy_data.o)
 .text.libgcc.mul
                0x00000490        0x0 e:/atmel/atmel toolchain/avr8 gcc/native/3.4.1061/avr8-gnu-toolchain/bin/../lib/gcc/avr/4.8.1/tiny-stack\libgcc.a(_clear_bss.o)
 .text.libgcc.div
                0x00000490        0x0 e:/atmel/atmel toolchain/avr8 gcc/native/3.4.1061/avr8-gnu-toolchain/bin/../lib/gcc/avr/4.8.1/tiny-stack\libgcc.a(_clear_bss.o)
 .text.libgcc   0x00000490        0x0 e:/atmel/atmel toolchain/avr8 gcc/native/3.4.1061/avr8-gnu-toolchain/bin/../lib/gcc/avr/4.8.1/tiny-stack\libgcc.a(_clear_bss.o)
 .text.libgcc.prologue
                0x00000490        0x0 e:/atmel/atmel toolchain/avr8 gcc/native/3.4.1061/avr8-gnu-toolchain/bin/../lib/gcc/avr/4.8.1/tiny-stack\libgcc.a(_clear_bss.o)
 .text.libgcc.builtins
                0x00000490        0x0 e:/atmel/atmel toolchain/avr8 gcc/native/3.4.1061/avr8-gnu-toolchain/bin/../lib/gcc/avr/4.8.1/tiny-stack\libgcc.a(_clear_bss.o)
 .text.libgcc.fmul
                0x00000490        0x0 e:/atmel/atmel toolchain/avr8 gcc/native/3.4.1061/avr8-gnu-toolchain/bin/../lib/gcc/avr/4.8.1/tiny-stack\libgcc.a(_clear_bss.o)
 .text.libgcc.fixed
                0x00000490        0x0 e:/atmel/atmel toolchain/avr8 gcc/native/3.4.1061/avr8-gnu-toolchain/bin/../lib/gcc/avr/4.8.1/tiny-stack\libgcc.a(_clear_bss.o)
 .text.avr-libc.fplib
                0x00000490        0xa e:/atmel/atmel toolchain/avr8 gcc/native/3.4.1061/avr8-gnu-toolchain/bin/../lib/gcc/avr/4.8.1/../../../../avr/lib/tiny-stack\libm.a(fixsfsi.o)
                0x00000490                __fixsfsi
 .text.avr-libc.fplib
                0x0000049a       0x58 e:/atmel/atmel toolchain/avr8 gcc/native/3.4.1061/avr8-gnu-toolchain/bin/../lib/gcc/avr/4.8.1/../../../../avr/lib/tiny-stack\libm.a(fixunssfsi.o)
                0x0000049a                __fixunssfsi
 .text.avr-libc.fplib
                0x000004f2       0x7a e:/atmel/atmel toolchain/avr8 gcc/native/3.4.1061/avr8-gnu-toolchain/bin/../lib/gcc/avr/4.8.1/../../../../avr/lib/tiny-stack\libm.a(floatsisf.o)
                0x000004f2                __floatunsisf
                0x000004f6                __floatsisf
 .text.avr-libc.fplib
                0x0000056c       0x44 e:/atmel/atmel toolchain/avr8 gcc/native/3.4.1061/avr8-gnu-toolchain/bin/../lib/gcc/avr/4.8.1/../../../../avr/lib/tiny-stack\libm.a(fp_split3.o)
                0x0000056c                __fp_split3
                0x0000057c                __fp_splitA
 .text.avr-libc.fplib
                0x000005b0       0x10 e:/atmel/atmel toolchain/avr8 gcc/native/3.4.1061/avr8-gnu-toolchain/bin/../lib/gcc/avr/4.8.1/../../../../avr/lib/tiny-stack\libm.a(fp_zero.o)
                0x000005b0                __fp_zero
                0x000005b2                __fp_szero
 .text.avr-libc.fplib
                0x000005c0        0x4 e:/atmel/atmel toolchain/avr8 gcc/native/3.4.1061/avr8-gnu-toolchain/bin/../lib/gcc/avr/4.8.1/../../../../avr/lib/tiny-stack\libm.a(mulsf3.o)
                0x000005c0                __mulsf3
 .text.avr-libc.fplib
                0x000005c4       0xd2 e:/atmel/atmel toolchain/avr8 gcc/native/3.4.1061/avr8-gnu-toolchain/bin/../lib/gcc/avr/4.8.1/../../../../avr/lib/tiny-stack\libm.a(mulsf3x.o)
                0x000005d6                __mulsf3x
                0x000005da                __mulsf3_pse
 .text.avr-libc.fplib
                0x00000696        0xc e:/atmel/atmel toolchain/avr8 gcc/native/3.4.1061/avr8-gnu-toolchain/bin/../lib/gcc/avr/4.8.1/../../../../avr/lib/tiny-stack\libm.a(fp_inf.o)
                0x00000696                __fp_inf
 .text.avr-libc.fplib
                0x000006a2        0x6 e:/atmel/atmel toolchain/avr8 gcc/native/3.4.1061/avr8-gnu-toolchain/bin/../lib/gcc/avr/4.8.1/../../../../avr/lib/tiny-stack\libm.a(fp_nan.o)
                0x000006a2                __fp_nan
 .text.avr-libc.fplib
                0x000006a8        0xe e:/atmel/atmel toolchain/avr8 gcc/native/3.4.1061/avr8-gnu-toolchain/bin/../lib/gcc/avr/4.8.1/../../../../avr/lib/tiny-stack\libm.a(fp_pscA.o)
                0x000006a8                __fp_pscA
 .text.avr-libc.fplib
                0x000006b6        0xe e:/atmel/atmel toolchain/avr8 gcc/native/3.4.1061/avr8-gnu-toolchain/bin/../lib/gcc/avr/4.8.1/../../../../avr/lib/tiny-stack\libm.a(fp_pscB.o)
                0x000006b6                __fp_pscB
 .text.avr-libc.fplib
                0x000006c4       0x22 e:/atmel/atmel toolchain/avr8 gcc/native/3.4.1061/avr8-gnu-toolchain/bin/../lib/gcc/avr/4.8.1/../../../../avr/lib/tiny-stack\libm.a(fp_round.o)
                0x000006c4                __fp_round
 .text.avr-libc
                0x000006e6       0x1c e:/atmel/atmel toolchain/avr8 gcc/native/3.4.1061/avr8-gnu-toolchain/bin/../lib/gcc/avr/4.8.1/../../../../avr/lib/tiny-stack\libc.a(ltoa_ncheck.o)
                0x000006e6                __ltoa_ncheck
 .text.avr-libc
                0x00000702       0x46 e:/atmel/atmel toolchain/avr8 gcc/native/3.4.1061/avr8-gnu-toolchain/bin/../lib/gcc/avr/4.8.1/../../../../avr/lib/tiny-stack\libc.a(ultoa_ncheck.o)
                0x00000702                __ultoa_ncheck
                0x00000704                __ultoa_common
 .text.avr-libc
                0x00000748       0x24 e:/atmel/atmel toolchain/avr8 gcc/native/3.4.1061/avr8-gnu-toolchain/bin/../lib/gcc/avr/4.8.1/../../../../avr/lib/tiny-stack\libc.a(strrev.o)
                0x00000748                strrev
                0x0000076c                . = ALIGN (0x2)
 *(.fini9)
 .fini9         0x0000076c        0x0 e:/atmel/atmel toolchain/avr8 gcc/native/3.4.1061/avr8-gnu-toolchain/bin/../lib/gcc/avr/4.8.1/tiny-stack\libgcc.a(_exit.o)
                0x0000076c                _exit
                0x0000076c                exit
 *(.fini9)
 *(.fini8)
 *(.fini8)
 *(.fini7)
 *(.fini7)
 *(.fini6)
 *(.fini6)
 *(.fini5)
 *(.fini5)
 *(.fini4)
 *(.fini4)
 *(.fini3)
 *(.fini3)
 *(.fini2)
 *(.fini2)
 *(.fini1)
 *(.fini1)
 *(.fini0)
 .fini0         0x0000076c        0x4 e:/atmel/atmel toolchain/avr8 gcc/native/3.4.1061/avr8-gnu-toolchain/bin/../lib/gcc/avr/4.8.1/tiny-stack\libgcc.a(_exit.o)
 *(.fini0)
                0x00000770                _etext = .

.data           0x00800060       0x16 load address 0x00000770
                0x00800060                PROVIDE (__data_start, .)
 *(.data)
 .data          0x00800060        0x0 e:/atmel/atmel toolchain/avr8 gcc/native/3.4.1061/avr8-gnu-toolchain/bin/../lib/gcc/avr/4.8.1/../../../../avr/lib/tiny-stack/crts2313.o
 .data          0x00800060        0x0 ultasonic Distance LCD.o
 .data          0x00800060        0x0 e:/atmel/atmel toolchain/avr8 gcc/native/3.4.1061/avr8-gnu-toolchain/bin/../lib/gcc/avr/4.8.1/tiny-stack\libgcc.a(_exit.o)
 .data          0x00800060        0x0 e:/atmel/atmel toolchain/avr8 gcc/native/3.4.1061/avr8-gnu-toolchain/bin/../lib/gcc/avr/4.8.1/tiny-stack\libgcc.a(_copy_data.o)
 .data          0x00800060        0x0 e:/atmel/atmel toolchain/avr8 gcc/native/3.4.1061/avr8-gnu-toolchain/bin/../lib/gcc/avr/4.8.1/tiny-stack\libgcc.a(_clear_bss.o)
 .data          0x00800060        0x0 e:/atmel/atmel toolchain/avr8 gcc/native/3.4.1061/avr8-gnu-toolchain/bin/../lib/gcc/avr/4.8.1/../../../../avr/lib/tiny-stack\libm.a(fixsfsi.o)
 .data          0x00800060        0x0 e:/atmel/atmel toolchain/avr8 gcc/native/3.4.1061/avr8-gnu-toolchain/bin/../lib/gcc/avr/4.8.1/../../../../avr/lib/tiny-stack\libm.a(fixunssfsi.o)
 .data          0x00800060        0x0 e:/atmel/atmel toolchain/avr8 gcc/native/3.4.1061/avr8-gnu-toolchain/bin/../lib/gcc/avr/4.8.1/../../../../avr/lib/tiny-stack\libm.a(floatsisf.o)
 .data          0x00800060        0x0 e:/atmel/atmel toolchain/avr8 gcc/native/3.4.1061/avr8-gnu-toolchain/bin/../lib/gcc/avr/4.8.1/../../../../avr/lib/tiny-stack\libm.a(fp_split3.o)
 .data          0x00800060        0x0 e:/atmel/atmel toolchain/avr8 gcc/native/3.4.1061/avr8-gnu-toolchain/bin/../lib/gcc/avr/4.8.1/../../../../avr/lib/tiny-stack\libm.a(fp_zero.o)
 .data          0x00800060        0x0 e:/atmel/atmel toolchain/avr8 gcc/native/3.4.1061/avr8-gnu-toolchain/bin/../lib/gcc/avr/4.8.1/../../../../avr/lib/tiny-stack\libm.a(mulsf3.o)
 .data          0x00800060        0x0 e:/atmel/atmel toolchain/avr8 gcc/native/3.4.1061/avr8-gnu-toolchain/bin/../lib/gcc/avr/4.8.1/../../../../avr/lib/tiny-stack\libm.a(mulsf3x.o)
 .data          0x00800060        0x0 e:/atmel/atmel toolchain/avr8 gcc/native/3.4.1061/avr8-gnu-toolchain/bin/../lib/gcc/avr/4.8.1/../../../../avr/lib/tiny-stack\libm.a(fp_inf.o)
 .data          0x00800060        0x0 e:/atmel/atmel toolchain/avr8 gcc/native/3.4.1061/avr8-gnu-toolchain/bin/../lib/gcc/avr/4.8.1/../../../../avr/lib/tiny-stack\libm.a(fp_nan.o)
 .data          0x00800060        0x0 e:/atmel/atmel toolchain/avr8 gcc/native/3.4.1061/avr8-gnu-toolchain/bin/../lib/gcc/avr/4.8.1/../../../../avr/lib/tiny-stack\libm.a(fp_pscA.o)
 .data          0x00800060        0x0 e:/atmel/atmel toolchain/avr8 gcc/native/3.4.1061/avr8-gnu-toolchain/bin/../lib/gcc/avr/4.8.1/../../../../avr/lib/tiny-stack\libm.a(fp_pscB.o)
 .data          0x00800060        0x0 e:/atmel/atmel toolchain/avr8 gcc/native/3.4.1061/avr8-gnu-toolchain/bin/../lib/gcc/avr/4.8.1/../../../../avr/lib/tiny-stack\libm.a(fp_round.o)
 .data          0x00800060        0x0 e:/atmel/atmel toolchain/avr8 gcc/native/3.4.1061/avr8-gnu-toolchain/bin/../lib/gcc/avr/4.8.1/../../../../avr/lib/tiny-stack\libc.a(ltoa_ncheck.o)
 .data          0x00800060        0x0 e:/atmel/atmel toolchain/avr8 gcc/native/3.4.1061/avr8-gnu-toolchain/bin/../lib/gcc/avr/4.8.1/../../../../avr/lib/tiny-stack\libc.a(ultoa_ncheck.o)
 .data          0x00800060        0x0 e:/atmel/atmel toolchain/avr8 gcc/native/3.4.1061/avr8-gnu-toolchain/bin/../lib/gcc/avr/4.8.1/../../../../avr/lib/tiny-stack\libc.a(strrev.o)
 *(.data*)
 *(.rodata)
 *(.rodata*)
 .rodata.str1.1
                0x00800060       0x15 ultasonic Distance LCD.o
 *(.gnu.linkonce.d*)
                0x00800076                . = ALIGN (0x2)
 *fill*         0x00800075        0x1 
                0x00800076                _edata = .
                0x00800076                PROVIDE (__data_end, .)

.bss            0x00800076       0x1c
                0x00800076                PROVIDE (__bss_start, .)
 *(.bss)
 .bss           0x00800076        0x0 e:/atmel/atmel toolchain/avr8 gcc/native/3.4.1061/avr8-gnu-toolchain/bin/../lib/gcc/avr/4.8.1/../../../../avr/lib/tiny-stack/crts2313.o
 .bss           0x00800076       0x17 ultasonic Distance LCD.o
                0x00800076                distance
                0x0080007a                capture_us
                0x0080007e                last_capture
                0x00800082                first_capture
                0x00800086                start_capture
                0x00800087                overflow_counter
                0x00800089                capture_register
 .bss           0x0080008d        0x0 e:/atmel/atmel toolchain/avr8 gcc/native/3.4.1061/avr8-gnu-toolchain/bin/../lib/gcc/avr/4.8.1/tiny-stack\libgcc.a(_exit.o)
 .bss           0x0080008d        0x0 e:/atmel/atmel toolchain/avr8 gcc/native/3.4.1061/avr8-gnu-toolchain/bin/../lib/gcc/avr/4.8.1/tiny-stack\libgcc.a(_copy_data.o)
 .bss           0x0080008d        0x0 e:/atmel/atmel toolchain/avr8 gcc/native/3.4.1061/avr8-gnu-toolchain/bin/../lib/gcc/avr/4.8.1/tiny-stack\libgcc.a(_clear_bss.o)
 .bss           0x0080008d        0x0 e:/atmel/atmel toolchain/avr8 gcc/native/3.4.1061/avr8-gnu-toolchain/bin/../lib/gcc/avr/4.8.1/../../../../avr/lib/tiny-stack\libm.a(fixsfsi.o)
 .bss           0x0080008d        0x0 e:/atmel/atmel toolchain/avr8 gcc/native/3.4.1061/avr8-gnu-toolchain/bin/../lib/gcc/avr/4.8.1/../../../../avr/lib/tiny-stack\libm.a(fixunssfsi.o)
 .bss           0x0080008d        0x0 e:/atmel/atmel toolchain/avr8 gcc/native/3.4.1061/avr8-gnu-toolchain/bin/../lib/gcc/avr/4.8.1/../../../../avr/lib/tiny-stack\libm.a(floatsisf.o)
 .bss           0x0080008d        0x0 e:/atmel/atmel toolchain/avr8 gcc/native/3.4.1061/avr8-gnu-toolchain/bin/../lib/gcc/avr/4.8.1/../../../../avr/lib/tiny-stack\libm.a(fp_split3.o)
 .bss           0x0080008d        0x0 e:/atmel/atmel toolchain/avr8 gcc/native/3.4.1061/avr8-gnu-toolchain/bin/../lib/gcc/avr/4.8.1/../../../../avr/lib/tiny-stack\libm.a(fp_zero.o)
 .bss           0x0080008d        0x0 e:/atmel/atmel toolchain/avr8 gcc/native/3.4.1061/avr8-gnu-toolchain/bin/../lib/gcc/avr/4.8.1/../../../../avr/lib/tiny-stack\libm.a(mulsf3.o)
 .bss           0x0080008d        0x0 e:/atmel/atmel toolchain/avr8 gcc/native/3.4.1061/avr8-gnu-toolchain/bin/../lib/gcc/avr/4.8.1/../../../../avr/lib/tiny-stack\libm.a(mulsf3x.o)
 .bss           0x0080008d        0x0 e:/atmel/atmel toolchain/avr8 gcc/native/3.4.1061/avr8-gnu-toolchain/bin/../lib/gcc/avr/4.8.1/../../../../avr/lib/tiny-stack\libm.a(fp_inf.o)
 .bss           0x0080008d        0x0 e:/atmel/atmel toolchain/avr8 gcc/native/3.4.1061/avr8-gnu-toolchain/bin/../lib/gcc/avr/4.8.1/../../../../avr/lib/tiny-stack\libm.a(fp_nan.o)
 .bss           0x0080008d        0x0 e:/atmel/atmel toolchain/avr8 gcc/native/3.4.1061/avr8-gnu-toolchain/bin/../lib/gcc/avr/4.8.1/../../../../avr/lib/tiny-stack\libm.a(fp_pscA.o)
 .bss           0x0080008d        0x0 e:/atmel/atmel toolchain/avr8 gcc/native/3.4.1061/avr8-gnu-toolchain/bin/../lib/gcc/avr/4.8.1/../../../../avr/lib/tiny-stack\libm.a(fp_pscB.o)
 .bss           0x0080008d        0x0 e:/atmel/atmel toolchain/avr8 gcc/native/3.4.1061/avr8-gnu-toolchain/bin/../lib/gcc/avr/4.8.1/../../../../avr/lib/tiny-stack\libm.a(fp_round.o)
 .bss           0x0080008d        0x0 e:/atmel/atmel toolchain/avr8 gcc/native/3.4.1061/avr8-gnu-toolchain/bin/../lib/gcc/avr/4.8.1/../../../../avr/lib/tiny-stack\libc.a(ltoa_ncheck.o)
 .bss           0x0080008d        0x0 e:/atmel/atmel toolchain/avr8 gcc/native/3.4.1061/avr8-gnu-toolchain/bin/../lib/gcc/avr/4.8.1/../../../../avr/lib/tiny-stack\libc.a(ultoa_ncheck.o)
 .bss           0x0080008d        0x0 e:/atmel/atmel toolchain/avr8 gcc/native/3.4.1061/avr8-gnu-toolchain/bin/../lib/gcc/avr/4.8.1/../../../../avr/lib/tiny-stack\libc.a(strrev.o)
 *(.bss*)
 *(COMMON)
 COMMON         0x0080008d        0x5 ultasonic Distance LCD.o
                0x0080008d                distance_string
                0x00800092                PROVIDE (__bss_end, .)
                0x00000770                __data_load_start = LOADADDR (.data)
                0x00000786                __data_load_end = (__data_load_start + SIZEOF (.data))

.noinit         0x00800092        0x0
                0x00800092                PROVIDE (__noinit_start, .)
 *(.noinit*)
                0x00800092                PROVIDE (__noinit_end, .)
                0x00800092                _end = .
                0x00800092                PROVIDE (__heap_start, .)

.eeprom         0x00810000        0x0
 *(.eeprom*)
                0x00810000                __eeprom_end = .

.fuse
 *(.fuse)
 *(.lfuse)
 *(.hfuse)
 *(.efuse)

.lock
 *(.lock*)

.signature
 *(.signature*)

.user_signatures
 *(.user_signatures*)

.stab
 *(.stab)

.stabstr
 *(.stabstr)

.stab.excl
 *(.stab.excl)

.stab.exclstr
 *(.stab.exclstr)

.stab.index
 *(.stab.index)

.stab.indexstr
 *(.stab.indexstr)

.comment        0x00000000       0x30
 *(.comment)
 .comment       0x00000000       0x30 ultasonic Distance LCD.o
                                 0x31 (size before relaxing)

.note.gnu.build-id
 *(.note.gnu.build-id)

.debug
 *(.debug)

.line
 *(.line)

.debug_srcinfo
 *(.debug_srcinfo)

.debug_sfnames
 *(.debug_sfnames)

.debug_aranges  0x00000000       0x28
 *(.debug_aranges)
 .debug_aranges
                0x00000000       0x28 ultasonic Distance LCD.o

.debug_pubnames
 *(.debug_pubnames)

.debug_info     0x00000000      0xc93
 *(.debug_info .gnu.linkonce.wi.*)
 .debug_info    0x00000000      0xc93 ultasonic Distance LCD.o

.debug_abbrev   0x00000000      0x2d1
 *(.debug_abbrev)
 .debug_abbrev  0x00000000      0x2d1 ultasonic Distance LCD.o

.debug_line     0x00000000      0x25c
 *(.debug_line .debug_line.* .debug_line_end)
 .debug_line    0x00000000      0x25c ultasonic Distance LCD.o

.debug_frame    0x00000000      0x1c8
 *(.debug_frame)
 .debug_frame   0x00000000      0x1c8 ultasonic Distance LCD.o

.debug_str      0x00000000      0x2c3
 *(.debug_str)
 .debug_str     0x00000000      0x2c3 ultasonic Distance LCD.o
                                0x315 (size before relaxing)

.debug_loc      0x00000000      0x4d1
 *(.debug_loc)
 .debug_loc     0x00000000      0x4d1 ultasonic Distance LCD.o

.debug_macinfo
 *(.debug_macinfo)

.debug_weaknames
 *(.debug_weaknames)

.debug_funcnames
 *(.debug_funcnames)

.debug_typenames
 *(.debug_typenames)

.debug_varnames
 *(.debug_varnames)

.debug_pubtypes
 *(.debug_pubtypes)

.debug_ranges   0x00000000       0x18
 *(.debug_ranges)
 .debug_ranges  0x00000000       0x18 ultasonic Distance LCD.o

.debug_macro
 *(.debug_macro)
OUTPUT(ultasonic Distance LCD.elf elf32-avr)
LOAD linker stubs
